Command line invocation:
    /Applications/Xcode.app/Contents/Developer/usr/bin/xcodebuild test -project BilliardTrainer.xcodeproj -scheme BilliardTrainer -destination id=9B456D2E-C90E-4324-8E98-51A4CCA930A1

ComputePackagePrebuildTargetDependencyGraph

Prepare packages

CreateBuildRequest

SendProjectDescription

CreateBuildOperation

ComputeTargetDependencyGraph
note: Building targets in dependency order
note: Target dependency graph (2 targets)
    Target 'BilliardTrainerTests' in project 'BilliardTrainer'
        ➜ Explicit dependency on target 'BilliardTrainer' in project 'BilliardTrainer'
    Target 'BilliardTrainer' in project 'BilliardTrainer' (no dependencies)

GatherProvisioningInputs

CreateBuildDescription

ExecuteExternalTool /Applications/Xcode.app/Contents/Developer/Toolchains/XcodeDefault.xctoolchain/usr/bin/clang -v -E -dM -isysroot /Applications/Xcode.app/Contents/Developer/Platforms/iPhoneSimulator.platform/Developer/SDKs/iPhoneSimulator26.2.sdk -x c -c /dev/null

ExecuteExternalTool /Applications/Xcode.app/Contents/Developer/usr/bin/ibtool --version --output-format xml1

ExecuteExternalTool /Applications/Xcode.app/Contents/Developer/Toolchains/XcodeDefault.xctoolchain/usr/bin/swiftc --version

ExecuteExternalTool /Applications/Xcode.app/Contents/Developer/usr/bin/actool --print-asset-tag-combinations --output-format xml1 /Users/song/projects/01.billiard_app/BilliardTrainer/Resources/Assets.xcassets

ExecuteExternalTool /Applications/Xcode.app/Contents/Developer/usr/bin/actool --version --output-format xml1

ExecuteExternalTool /Applications/Xcode.app/Contents/Developer/Toolchains/XcodeDefault.xctoolchain/usr/bin/ld -version_details

Build description signature: 76b1400debf55209bfac5a993deec61b
Build description path: /Users/song/Library/Developer/Xcode/DerivedData/BilliardTrainer-brmlbuxbuspafrbvgpyhdesthqlv/Build/Intermediates.noindex/XCBuildData/76b1400debf55209bfac5a993deec61b.xcbuilddata
ClangStatCache /Applications/Xcode.app/Contents/Developer/Toolchains/XcodeDefault.xctoolchain/usr/bin/clang-stat-cache /Applications/Xcode.app/Contents/Developer/Platforms/iPhoneSimulator.platform/Developer/SDKs/iPhoneSimulator26.2.sdk /Users/song/Library/Developer/Xcode/DerivedData/SDKStatCaches.noindex/iphonesimulator26.2-23C53-7d00a8b37fbd7999ea79df8ebc024bf0.sdkstatcache
    cd /Users/song/projects/01.billiard_app/BilliardTrainer.xcodeproj
    /Applications/Xcode.app/Contents/Developer/Toolchains/XcodeDefault.xctoolchain/usr/bin/clang-stat-cache /Applications/Xcode.app/Contents/Developer/Platforms/iPhoneSimulator.platform/Developer/SDKs/iPhoneSimulator26.2.sdk -o /Users/song/Library/Developer/Xcode/DerivedData/SDKStatCaches.noindex/iphonesimulator26.2-23C53-7d00a8b37fbd7999ea79df8ebc024bf0.sdkstatcache

ProcessInfoPlistFile /Users/song/Library/Developer/Xcode/DerivedData/BilliardTrainer-brmlbuxbuspafrbvgpyhdesthqlv/Build/Products/Debug-iphonesimulator/BilliardTrainer.app/Info.plist /Users/song/projects/01.billiard_app/BilliardTrainer/Info.plist (in target 'BilliardTrainer' from project 'BilliardTrainer')
    cd /Users/song/projects/01.billiard_app
    builtin-infoPlistUtility /Users/song/projects/01.billiard_app/BilliardTrainer/Info.plist -producttype com.apple.product-type.application -genpkginfo /Users/song/Library/Developer/Xcode/DerivedData/BilliardTrainer-brmlbuxbuspafrbvgpyhdesthqlv/Build/Products/Debug-iphonesimulator/BilliardTrainer.app/PkgInfo -expandbuildsettings -format binary -platform iphonesimulator -additionalcontentfile /Users/song/Library/Developer/Xcode/DerivedData/BilliardTrainer-brmlbuxbuspafrbvgpyhdesthqlv/Build/Intermediates.noindex/BilliardTrainer.build/Debug-iphonesimulator/BilliardTrainer.build/LaunchScreen-SBPartialInfo.plist -additionalcontentfile /Users/song/Library/Developer/Xcode/DerivedData/BilliardTrainer-brmlbuxbuspafrbvgpyhdesthqlv/Build/Intermediates.noindex/BilliardTrainer.build/Debug-iphonesimulator/BilliardTrainer.build/assetcatalog_generated_info.plist -o /Users/song/Library/Developer/Xcode/DerivedData/BilliardTrainer-brmlbuxbuspafrbvgpyhdesthqlv/Build/Products/Debug-iphonesimulator/BilliardTrainer.app/Info.plist
warning: MinimumOSVersion of '17.0' is less than the value of IPHONEOS_DEPLOYMENT_TARGET '17.6' - setting to '17.6'. (in target 'BilliardTrainer' from project 'BilliardTrainer')

CopySwiftLibs /Users/song/Library/Developer/Xcode/DerivedData/BilliardTrainer-brmlbuxbuspafrbvgpyhdesthqlv/Build/Products/Debug-iphonesimulator/BilliardTrainer.app (in target 'BilliardTrainer' from project 'BilliardTrainer')
    cd /Users/song/projects/01.billiard_app
    builtin-swiftStdLibTool --copy --verbose --sign - --scan-executable /Users/song/Library/Developer/Xcode/DerivedData/BilliardTrainer-brmlbuxbuspafrbvgpyhdesthqlv/Build/Products/Debug-iphonesimulator/BilliardTrainer.app/BilliardTrainer.debug.dylib --scan-folder /Users/song/Library/Developer/Xcode/DerivedData/BilliardTrainer-brmlbuxbuspafrbvgpyhdesthqlv/Build/Products/Debug-iphonesimulator/BilliardTrainer.app/Frameworks --scan-folder /Users/song/Library/Developer/Xcode/DerivedData/BilliardTrainer-brmlbuxbuspafrbvgpyhdesthqlv/Build/Products/Debug-iphonesimulator/BilliardTrainer.app/PlugIns --scan-folder /Users/song/Library/Developer/Xcode/DerivedData/BilliardTrainer-brmlbuxbuspafrbvgpyhdesthqlv/Build/Products/Debug-iphonesimulator/BilliardTrainer.app/SystemExtensions --scan-folder /Users/song/Library/Developer/Xcode/DerivedData/BilliardTrainer-brmlbuxbuspafrbvgpyhdesthqlv/Build/Products/Debug-iphonesimulator/BilliardTrainer.app/Extensions --platform iphonesimulator --toolchain /Applications/Xcode.app/Contents/Developer/Toolchains/XcodeDefault.xctoolchain --destination /Users/song/Library/Developer/Xcode/DerivedData/BilliardTrainer-brmlbuxbuspafrbvgpyhdesthqlv/Build/Products/Debug-iphonesimulator/BilliardTrainer.app/Frameworks --strip-bitcode --strip-bitcode-tool /Applications/Xcode.app/Contents/Developer/Toolchains/XcodeDefault.xctoolchain/usr/bin/bitcode_strip --emit-dependency-info /Users/song/Library/Developer/Xcode/DerivedData/BilliardTrainer-brmlbuxbuspafrbvgpyhdesthqlv/Build/Intermediates.noindex/BilliardTrainer.build/Debug-iphonesimulator/BilliardTrainer.build/SwiftStdLibToolInputDependencies.dep --filter-for-swift-os

ProcessInfoPlistFile /Users/song/Library/Developer/Xcode/DerivedData/BilliardTrainer-brmlbuxbuspafrbvgpyhdesthqlv/Build/Products/Debug-iphonesimulator/BilliardTrainer.app/PlugIns/BilliardTrainerTests.xctest/Info.plist /Users/song/Library/Developer/Xcode/DerivedData/BilliardTrainer-brmlbuxbuspafrbvgpyhdesthqlv/Build/Intermediates.noindex/BilliardTrainer.build/Debug-iphonesimulator/BilliardTrainerTests.build/empty-BilliardTrainerTests.plist (in target 'BilliardTrainerTests' from project 'BilliardTrainer')
    cd /Users/song/projects/01.billiard_app
    builtin-infoPlistUtility /Users/song/Library/Developer/Xcode/DerivedData/BilliardTrainer-brmlbuxbuspafrbvgpyhdesthqlv/Build/Intermediates.noindex/BilliardTrainer.build/Debug-iphonesimulator/BilliardTrainerTests.build/empty-BilliardTrainerTests.plist -producttype com.apple.product-type.bundle.unit-test -expandbuildsettings -format binary -platform iphonesimulator -o /Users/song/Library/Developer/Xcode/DerivedData/BilliardTrainer-brmlbuxbuspafrbvgpyhdesthqlv/Build/Products/Debug-iphonesimulator/BilliardTrainer.app/PlugIns/BilliardTrainerTests.xctest/Info.plist

CopySwiftLibs /Users/song/Library/Developer/Xcode/DerivedData/BilliardTrainer-brmlbuxbuspafrbvgpyhdesthqlv/Build/Products/Debug-iphonesimulator/BilliardTrainer.app/PlugIns/BilliardTrainerTests.xctest (in target 'BilliardTrainerTests' from project 'BilliardTrainer')
    cd /Users/song/projects/01.billiard_app
    builtin-swiftStdLibTool --copy --verbose --sign - --scan-executable /Users/song/Library/Developer/Xcode/DerivedData/BilliardTrainer-brmlbuxbuspafrbvgpyhdesthqlv/Build/Products/Debug-iphonesimulator/BilliardTrainer.app/PlugIns/BilliardTrainerTests.xctest/BilliardTrainerTests --scan-folder /Users/song/Library/Developer/Xcode/DerivedData/BilliardTrainer-brmlbuxbuspafrbvgpyhdesthqlv/Build/Products/Debug-iphonesimulator/BilliardTrainer.app/PlugIns/BilliardTrainerTests.xctest/Frameworks --scan-folder /Users/song/Library/Developer/Xcode/DerivedData/BilliardTrainer-brmlbuxbuspafrbvgpyhdesthqlv/Build/Products/Debug-iphonesimulator/BilliardTrainer.app/PlugIns/BilliardTrainerTests.xctest/PlugIns --scan-folder /Users/song/Library/Developer/Xcode/DerivedData/BilliardTrainer-brmlbuxbuspafrbvgpyhdesthqlv/Build/Products/Debug-iphonesimulator/BilliardTrainer.app/PlugIns/BilliardTrainerTests.xctest/SystemExtensions --scan-folder /Users/song/Library/Developer/Xcode/DerivedData/BilliardTrainer-brmlbuxbuspafrbvgpyhdesthqlv/Build/Products/Debug-iphonesimulator/BilliardTrainer.app/PlugIns/BilliardTrainerTests.xctest/Extensions --platform iphonesimulator --toolchain /Applications/Xcode.app/Contents/Developer/Toolchains/XcodeDefault.xctoolchain --destination /Users/song/Library/Developer/Xcode/DerivedData/BilliardTrainer-brmlbuxbuspafrbvgpyhdesthqlv/Build/Products/Debug-iphonesimulator/BilliardTrainer.app/PlugIns/BilliardTrainerTests.xctest/Frameworks --strip-bitcode --scan-executable /Applications/Xcode.app/Contents/Developer/Platforms/iPhoneSimulator.platform/Developer/usr/lib/libXCTestSwiftSupport.dylib --strip-bitcode-tool /Applications/Xcode.app/Contents/Developer/Toolchains/XcodeDefault.xctoolchain/usr/bin/bitcode_strip --emit-dependency-info /Users/song/Library/Developer/Xcode/DerivedData/BilliardTrainer-brmlbuxbuspafrbvgpyhdesthqlv/Build/Intermediates.noindex/BilliardTrainer.build/Debug-iphonesimulator/BilliardTrainerTests.build/SwiftStdLibToolInputDependencies.dep --filter-for-swift-os

Testing started
Test suite 'TrainingViewModelTests' started on 'Clone 1 of iPhone 17 Pro - BilliardTrainer (18466)'
Test case 'TrainingViewModelTests.testAccuracyComputation()' passed on 'Clone 1 of iPhone 17 Pro - BilliardTrainer (18466)' (1.343 seconds)
Test case 'TrainingViewModelTests.testAccuracyZeroShots()' passed on 'Clone 1 of iPhone 17 Pro - BilliardTrainer (18466)' (0.162 seconds)
Test case 'TrainingViewModelTests.testAllConfigTypes()' passed on 'Clone 1 of iPhone 17 Pro - BilliardTrainer (18466)' (0.806 seconds)
Test case 'TrainingViewModelTests.testCalculateFinalResultBasic()' passed on 'Clone 1 of iPhone 17 Pro - BilliardTrainer (18466)' (0.157 seconds)
Test case 'TrainingViewModelTests.testCalculateFinalResultLowScore()' passed on 'Clone 1 of iPhone 17 Pro - BilliardTrainer (18466)' (0.144 seconds)
Test case 'TrainingViewModelTests.testCalculateFinalResultPerfectScore()' passed on 'Clone 1 of iPhone 17 Pro - BilliardTrainer (18466)' (0.145 seconds)
Test case 'TrainingViewModelTests.testEndTraining()' passed on 'Clone 1 of iPhone 17 Pro - BilliardTrainer (18466)' (0.138 seconds)
Test case 'TrainingViewModelTests.testFormattedAccuracy()' passed on 'Clone 1 of iPhone 17 Pro - BilliardTrainer (18466)' (0.141 seconds)
Test case 'TrainingViewModelTests.testFormattedTimeRemainingNoLimit()' passed on 'Clone 1 of iPhone 17 Pro - BilliardTrainer (18466)' (0.160 seconds)
Test case 'TrainingViewModelTests.testFormattedTimeRemainingWithValue()' passed on 'Clone 1 of iPhone 17 Pro - BilliardTrainer (18466)' (0.148 seconds)
Test case 'TrainingViewModelTests.testInitialState()' passed on 'Clone 1 of iPhone 17 Pro - BilliardTrainer (18466)' (0.142 seconds)
Test case 'TrainingViewModelTests.testInitialStateNoTimeLimit()' passed on 'Clone 1 of iPhone 17 Pro - BilliardTrainer (18466)' (0.157 seconds)
Test case 'TrainingViewModelTests.testInitialStateWithTimeLimit()' passed on 'Clone 1 of iPhone 17 Pro - BilliardTrainer (18466)' (0.154 seconds)
Test case 'TrainingViewModelTests.testPauseResume()' passed on 'Clone 1 of iPhone 17 Pro - BilliardTrainer (18466)' (0.166 seconds)
Test case 'TrainingViewModelTests.testProgress()' passed on 'Clone 1 of iPhone 17 Pro - BilliardTrainer (18466)' (0.156 seconds)
Test suite 'BilliardTrainerTests' started on 'Clone 1 of iPhone 17 Pro - BilliardTrainer (18466)'
Test case 'BilliardTrainerTests.testExample()' passed on 'Clone 1 of iPhone 17 Pro - BilliardTrainer (18466)' (0.000 seconds)
Test case 'BilliardTrainerTests.testPerformanceExample()' passed on 'Clone 1 of iPhone 17 Pro - BilliardTrainer (18466)' (0.550 seconds)
Test suite 'PhysicsRegressionTests' started on 'Clone 1 of iPhone 17 Pro - BilliardTrainer (18466)'
Test case 'PhysicsRegressionTests.testS1_CenterStraightShot()' passed on 'Clone 1 of iPhone 17 Pro - BilliardTrainer (18466)' (0.003 seconds)
Test case 'PhysicsRegressionTests.testS2_TopSpinFollow()' failed on 'Clone 1 of iPhone 17 Pro - BilliardTrainer (18466)' (0.002 seconds)
Test case 'PhysicsRegressionTests.testS3_DrawShot()' passed on 'Clone 1 of iPhone 17 Pro - BilliardTrainer (18466)' (0.000 seconds)
Test case 'PhysicsRegressionTests.testS4_SideSpinSquirt()' failed on 'Clone 1 of iPhone 17 Pro - BilliardTrainer (18466)' (0.004 seconds)
Test case 'PhysicsRegressionTests.testS5_OneCushionRebound()' passed on 'Clone 1 of iPhone 17 Pro - BilliardTrainer (18466)' (0.001 seconds)
Test case 'PhysicsRegressionTests.testS6_MultiBallNoTunneling()' passed on 'Clone 1 of iPhone 17 Pro - BilliardTrainer (18466)' (0.005 seconds)
Test suite 'TrainingConfigTests' started on 'Clone 1 of iPhone 17 Pro - BilliardTrainer (18466)'
Test case 'TrainingConfigTests.testAimingConfigReturnsCorrectType()' passed on 'Clone 1 of iPhone 17 Pro - BilliardTrainer (18466)' (0.000 seconds)
Test case 'TrainingConfigTests.testAllTrainingTypesHaveDescriptions()' passed on 'Clone 1 of iPhone 17 Pro - BilliardTrainer (18466)' (0.000 seconds)
Test case 'TrainingConfigTests.testAllTrainingTypesHaveIcons()' passed on 'Clone 1 of iPhone 17 Pro - BilliardTrainer (18466)' (0.000 seconds)
Test case 'TrainingConfigTests.testAngleTargetPosition()' passed on 'Clone 1 of iPhone 17 Pro - BilliardTrainer (18466)' (0.000 seconds)
Test case 'TrainingConfigTests.testBallPositionYHeight()' passed on 'Clone 1 of iPhone 17 Pro - BilliardTrainer (18466)' (0.000 seconds)
Test case 'TrainingConfigTests.testBankShotConfigReturnsCorrectType()' passed on 'Clone 1 of iPhone 17 Pro - BilliardTrainer (18466)' (0.000 seconds)
Test case 'TrainingConfigTests.testCueBallIsCueBall()' passed on 'Clone 1 of iPhone 17 Pro - BilliardTrainer (18466)' (0.000 seconds)
Test case 'TrainingConfigTests.testDefaultCueBallPosition()' passed on 'Clone 1 of iPhone 17 Pro - BilliardTrainer (18466)' (0.000 seconds)
Test case 'TrainingConfigTests.testDiamondConfigReturnsCorrectType()' passed on 'Clone 1 of iPhone 17 Pro - BilliardTrainer (18466)' (0.000 seconds)
Test case 'TrainingConfigTests.testDifficultyClampedToMax()' passed on 'Clone 1 of iPhone 17 Pro - BilliardTrainer (18466)' (0.000 seconds)
Test case 'TrainingConfigTests.testDifficultyClampedToMin()' passed on 'Clone 1 of iPhone 17 Pro - BilliardTrainer (18466)' (0.000 seconds)
Test case 'TrainingConfigTests.testDifficultyInRange()' passed on 'Clone 1 of iPhone 17 Pro - BilliardTrainer (18466)' (0.000 seconds)
Test case 'TrainingConfigTests.testDifficultyNegativeClamped()' passed on 'Clone 1 of iPhone 17 Pro - BilliardTrainer (18466)' (0.000 seconds)
Test case 'TrainingConfigTests.testKickShotConfigReturnsCorrectType()' passed on 'Clone 1 of iPhone 17 Pro - BilliardTrainer (18466)' (0.000 seconds)
Test case 'TrainingConfigTests.testSpinConfigReturnsCorrectType()' passed on 'Clone 1 of iPhone 17 Pro - BilliardTrainer (18466)' (0.000 seconds)
Test case 'TrainingConfigTests.testStarCalculation1Star()' passed on 'Clone 1 of iPhone 17 Pro - BilliardTrainer (18466)' (0.002 seconds)
Test case 'TrainingConfigTests.testStarCalculation2Stars()' passed on 'Clone 1 of iPhone 17 Pro - BilliardTrainer (18466)' (0.000 seconds)
Test case 'TrainingConfigTests.testStarCalculation3Stars()' passed on 'Clone 1 of iPhone 17 Pro - BilliardTrainer (18466)' (0.000 seconds)
Test case 'TrainingConfigTests.testStarCalculation4Stars()' passed on 'Clone 1 of iPhone 17 Pro - BilliardTrainer (18466)' (0.000 seconds)
Test case 'TrainingConfigTests.testStarCalculation5Stars()' passed on 'Clone 1 of iPhone 17 Pro - BilliardTrainer (18466)' (0.000 seconds)
Test case 'TrainingConfigTests.testStraightTargetPosition()' passed on 'Clone 1 of iPhone 17 Pro - BilliardTrainer (18466)' (0.000 seconds)
Test case 'TrainingConfigTests.testTargetBallIsNotCueBall()' passed on 'Clone 1 of iPhone 17 Pro - BilliardTrainer (18466)' (0.000 seconds)
Test case 'TrainingConfigTests.testTargetZoneContainsCenter()' passed on 'Clone 1 of iPhone 17 Pro - BilliardTrainer (18466)' (0.000 seconds)
Test case 'TrainingConfigTests.testTargetZoneContainsPointInsideRadius()' passed on 'Clone 1 of iPhone 17 Pro - BilliardTrainer (18466)' (0.000 seconds)
Test case 'TrainingConfigTests.testTargetZoneDistanceRatioCenter()' passed on 'Clone 1 of iPhone 17 Pro - BilliardTrainer (18466)' (0.000 seconds)
Test case 'TrainingConfigTests.testTargetZoneDistanceRatioEdge()' passed on 'Clone 1 of iPhone 17 Pro - BilliardTrainer (18466)' (0.000 seconds)
Test case 'TrainingConfigTests.testTargetZoneDistanceRatioOutside()' passed on 'Clone 1 of iPhone 17 Pro - BilliardTrainer (18466)' (0.000 seconds)
Test case 'TrainingConfigTests.testTargetZoneDoesNotContainPointOutside()' passed on 'Clone 1 of iPhone 17 Pro - BilliardTrainer (18466)' (0.000 seconds)
Test case 'TrainingConfigTests.testTrainingResultAccuracy()' passed on 'Clone 1 of iPhone 17 Pro - BilliardTrainer (18466)' (0.000 seconds)
Test case 'TrainingConfigTests.testTrainingResultAccuracyZeroShots()' passed on 'Clone 1 of iPhone 17 Pro - BilliardTrainer (18466)' (0.000 seconds)
Test case 'TrainingConfigTests.testTrainingResultFormattedAccuracy()' passed on 'Clone 1 of iPhone 17 Pro - BilliardTrainer (18466)' (0.000 seconds)
Test case 'TrainingConfigTests.testTrainingResultFormattedDuration()' passed on 'Clone 1 of iPhone 17 Pro - BilliardTrainer (18466)' (0.000 seconds)
Test suite 'AimingSystemTests' started on 'Clone 1 of iPhone 17 Pro - BilliardTrainer (18466)'
Test case 'AimingSystemTests.testCalculateAimReturnsValidResult()' passed on 'Clone 1 of iPhone 17 Pro - BilliardTrainer (18466)' (0.001 seconds)
Test case 'AimingSystemTests.testDifficultyRangeOneToFive()' passed on 'Clone 1 of iPhone 17 Pro - BilliardTrainer (18466)' (0.000 seconds)
Test case 'AimingSystemTests.testGhostBallIsAlwaysTwoRadiiAway()' passed on 'Clone 1 of iPhone 17 Pro - BilliardTrainer (18466)' (0.000 seconds)
Test case 'AimingSystemTests.testGhostBallPositionStraightShot()' passed on 'Clone 1 of iPhone 17 Pro - BilliardTrainer (18466)' (0.000 seconds)
Test case 'AimingSystemTests.testPathNotOccludedByObstacleBehind()' passed on 'Clone 1 of iPhone 17 Pro - BilliardTrainer (18466)' (0.000 seconds)
Test case 'AimingSystemTests.testPathNotOccludedWhenClear()' passed on 'Clone 1 of iPhone 17 Pro - BilliardTrainer (18466)' (0.000 seconds)
Test case 'AimingSystemTests.testPathOccludedByObstacle()' passed on 'Clone 1 of iPhone 17 Pro - BilliardTrainer (18466)' (0.000 seconds)
Test case 'AimingSystemTests.testSeparationAngleBackSpinIncreases()' passed on 'Clone 1 of iPhone 17 Pro - BilliardTrainer (18466)' (0.000 seconds)
Test case 'AimingSystemTests.testSeparationAngleClamped()' passed on 'Clone 1 of iPhone 17 Pro - BilliardTrainer (18466)' (0.003 seconds)
Test case 'AimingSystemTests.testSeparationAnglePureRolling()' passed on 'Clone 1 of iPhone 17 Pro - BilliardTrainer (18466)' (0.000 seconds)
Test case 'AimingSystemTests.testSeparationAngleTopSpinReduces()' passed on 'Clone 1 of iPhone 17 Pro - BilliardTrainer (18466)' (0.000 seconds)
Test case 'AimingSystemTests.testThicknessDescriptionFullThick()' passed on 'Clone 1 of iPhone 17 Pro - BilliardTrainer (18466)' (0.000 seconds)
Test case 'AimingSystemTests.testThicknessDescriptionHalfBall()' passed on 'Clone 1 of iPhone 17 Pro - BilliardTrainer (18466)' (0.000 seconds)
Test case 'AimingSystemTests.testThicknessDescriptionThin()' passed on 'Clone 1 of iPhone 17 Pro - BilliardTrainer (18466)' (0.003 seconds)
Test case 'AimingSystemTests.testThicknessDescriptionVeryThin()' passed on 'Clone 1 of iPhone 17 Pro - BilliardTrainer (18466)' (0.000 seconds)
Test case 'AimingSystemTests.testThicknessFullHit()' passed on 'Clone 1 of iPhone 17 Pro - BilliardTrainer (18466)' (0.000 seconds)
Test case 'AimingSystemTests.testThicknessHalfBall()' passed on 'Clone 1 of iPhone 17 Pro - BilliardTrainer (18466)' (0.000 seconds)
Test case 'AimingSystemTests.testThicknessRangeClampedZeroToOne()' passed on 'Clone 1 of iPhone 17 Pro - BilliardTrainer (18466)' (0.000 seconds)
Test case 'AimingSystemTests.testThinShotHarderThanThick()' passed on 'Clone 1 of iPhone 17 Pro - BilliardTrainer (18466)' (0.000 seconds)
Test suite 'EventDrivenEngineTests' started on 'Clone 1 of iPhone 17 Pro - BilliardTrainer (18466)'
Test case 'EventDrivenEngineTests.testBallBouncesOffCushion()' passed on 'Clone 1 of iPhone 17 Pro - BilliardTrainer (18466)' (0.002 seconds)
Test case 'EventDrivenEngineTests.testBallCanBePocketed()' passed on 'Clone 1 of iPhone 17 Pro - BilliardTrainer (18466)' (0.002 seconds)
Test case 'EventDrivenEngineTests.testMultiBallNoNaN()' passed on 'Clone 1 of iPhone 17 Pro - BilliardTrainer (18466)' (0.003 seconds)
Test case 'EventDrivenEngineTests.testSingleBallComesToRest()' passed on 'Clone 1 of iPhone 17 Pro - BilliardTrainer (18466)' (0.001 seconds)
Test case 'EventDrivenEngineTests.testSingleBallStaysOnTable()' passed on 'Clone 1 of iPhone 17 Pro - BilliardTrainer (18466)' (0.001 seconds)
Test case 'EventDrivenEngineTests.testStateTransitionsRecorded()' passed on 'Clone 1 of iPhone 17 Pro - BilliardTrainer (18466)' (0.001 seconds)
Test case 'EventDrivenEngineTests.testStationaryBallDoesNotMove()' passed on 'Clone 1 of iPhone 17 Pro - BilliardTrainer (18466)' (0.000 seconds)
Test case 'EventDrivenEngineTests.testTrajectoryRecorderPopulated()' passed on 'Clone 1 of iPhone 17 Pro - BilliardTrainer (18466)' (0.006 seconds)
Test case 'EventDrivenEngineTests.testTrajectoryStateAtQuery()' passed on 'Clone 1 of iPhone 17 Pro - BilliardTrainer (18466)' (0.001 seconds)
Test case 'EventDrivenEngineTests.testTwoBallHeadOnCollision()' failed on 'Clone 1 of iPhone 17 Pro - BilliardTrainer (18466)' (0.002 seconds)
Test suite 'CollisionResolverTests' started on 'Clone 1 of iPhone 17 Pro - BilliardTrainer (18466)'
Test case 'CollisionResolverTests.testCushionAllFourWalls()' passed on 'Clone 1 of iPhone 17 Pro - BilliardTrainer (18466)' (0.002 seconds)
Test case 'CollisionResolverTests.testCushionCollisionEnergyLoss()' passed on 'Clone 1 of iPhone 17 Pro - BilliardTrainer (18466)' (0.001 seconds)
Test case 'CollisionResolverTests.testCushionCollisionLowSpeed()' passed on 'Clone 1 of iPhone 17 Pro - BilliardTrainer (18466)' (0.000 seconds)
Test case 'CollisionResolverTests.testCushionCollisionReflection()' passed on 'Clone 1 of iPhone 17 Pro - BilliardTrainer (18466)' (0.001 seconds)
Test case 'CollisionResolverTests.testCushionCollisionWithSpin()' passed on 'Clone 1 of iPhone 17 Pro - BilliardTrainer (18466)' (0.001 seconds)
Test case 'CollisionResolverTests.testHeadOnCollisionMomentumConservation()' passed on 'Clone 1 of iPhone 17 Pro - BilliardTrainer (18466)' (0.000 seconds)
Test case 'CollisionResolverTests.testHeadOnCollisionResultsFinite()' passed on 'Clone 1 of iPhone 17 Pro - BilliardTrainer (18466)' (0.000 seconds)
Test case 'CollisionResolverTests.testHeadOnCollisionVelocityTransfer()' passed on 'Clone 1 of iPhone 17 Pro - BilliardTrainer (18466)' (0.000 seconds)
Test case 'CollisionResolverTests.testObliqueCollisionSeparationAngle()' passed on 'Clone 1 of iPhone 17 Pro - BilliardTrainer (18466)' (0.000 seconds)
Test case 'CollisionResolverTests.testVeryLowSpeedCollisionNoNaN()' passed on 'Clone 1 of iPhone 17 Pro - BilliardTrainer (18466)' (0.000 seconds)
Test suite 'CushionCollisionModelTests' started on 'Clone 1 of iPhone 17 Pro - BilliardTrainer (18466)'
Test case 'CushionCollisionModelTests.testHigherRestitutionMoreBounce()' passed on 'Clone 1 of iPhone 17 Pro - BilliardTrainer (18466)' (0.001 seconds)
Test case 'CushionCollisionModelTests.testNoSpinSymmetricRebound()' passed on 'Clone 1 of iPhone 17 Pro - BilliardTrainer (18466)' (0.001 seconds)
Test case 'CushionCollisionModelTests.testOutputsAreFinite()' passed on 'Clone 1 of iPhone 17 Pro - BilliardTrainer (18466)' (0.007 seconds)
Test case 'CushionCollisionModelTests.testOutputsNotNaN()' passed on 'Clone 1 of iPhone 17 Pro - BilliardTrainer (18466)' (0.000 seconds)
Test case 'CushionCollisionModelTests.testPerpendicularApproachBounces()' passed on 'Clone 1 of iPhone 17 Pro - BilliardTrainer (18466)' (0.001 seconds)
Test case 'CushionCollisionModelTests.testPerpendicularBounceEnergyLoss()' passed on 'Clone 1 of iPhone 17 Pro - BilliardTrainer (18466)' (0.001 seconds)
Test case 'CushionCollisionModelTests.testSideSpinAffectsRebound()' passed on 'Clone 1 of iPhone 17 Pro - BilliardTrainer (18466)' (0.001 seconds)
Test suite 'TableGeometryTests' started on 'Clone 1 of iPhone 17 Pro - BilliardTrainer (18466)'
Test case 'TableGeometryTests.testCircularCushionAnglesValid()' passed on 'Clone 1 of iPhone 17 Pro - BilliardTrainer (18466)' (0.000 seconds)
Test case 'TableGeometryTests.testCircularCushionCount()' passed on 'Clone 1 of iPhone 17 Pro - BilliardTrainer (18466)' (0.000 seconds)
Test case 'TableGeometryTests.testCircularCushionRadiiPositive()' passed on 'Clone 1 of iPhone 17 Pro - BilliardTrainer (18466)' (0.000 seconds)
Test case 'TableGeometryTests.testCornerPocketRadius()' passed on 'Clone 1 of iPhone 17 Pro - BilliardTrainer (18466)' (0.000 seconds)
Test case 'TableGeometryTests.testCornerPocketsSymmetric()' passed on 'Clone 1 of iPhone 17 Pro - BilliardTrainer (18466)' (0.000 seconds)
Test case 'TableGeometryTests.testFourCornerPockets()' passed on 'Clone 1 of iPhone 17 Pro - BilliardTrainer (18466)' (0.000 seconds)
Test case 'TableGeometryTests.testLinearCushionCount()' passed on 'Clone 1 of iPhone 17 Pro - BilliardTrainer (18466)' (0.000 seconds)
Test case 'TableGeometryTests.testLinearCushionNormalsPointInward()' passed on 'Clone 1 of iPhone 17 Pro - BilliardTrainer (18466)' (0.000 seconds)
Test case 'TableGeometryTests.testLinearCushionNormalsUnit()' passed on 'Clone 1 of iPhone 17 Pro - BilliardTrainer (18466)' (0.000 seconds)
Test case 'TableGeometryTests.testLinearCushionSegmentsNonDegenerate()' passed on 'Clone 1 of iPhone 17 Pro - BilliardTrainer (18466)' (0.001 seconds)
Test case 'TableGeometryTests.testPocketIdsUnique()' passed on 'Clone 1 of iPhone 17 Pro - BilliardTrainer (18466)' (0.000 seconds)
Test case 'TableGeometryTests.testPocketRadiiPositive()' passed on 'Clone 1 of iPhone 17 Pro - BilliardTrainer (18466)' (0.000 seconds)
Test case 'TableGeometryTests.testSidePocketRadius()' passed on 'Clone 1 of iPhone 17 Pro - BilliardTrainer (18466)' (0.000 seconds)
Test case 'TableGeometryTests.testSidePocketsAtCenter()' passed on 'Clone 1 of iPhone 17 Pro - BilliardTrainer (18466)' (0.000 seconds)
Test case 'TableGeometryTests.testSixPockets()' passed on 'Clone 1 of iPhone 17 Pro - BilliardTrainer (18466)' (0.000 seconds)
Test case 'TableGeometryTests.testTableDimensionsMatchConstants()' passed on 'Clone 1 of iPhone 17 Pro - BilliardTrainer (18466)' (0.000 seconds)
Test case 'TableGeometryTests.testTwoSidePockets()' passed on 'Clone 1 of iPhone 17 Pro - BilliardTrainer (18466)' (0.000 seconds)
Test suite 'DiamondSystemTests' started on 'Clone 1 of iPhone 17 Pro - BilliardTrainer (18466)'
Test case 'DiamondSystemTests.testBankShotCalculation()' passed on 'Clone 1 of iPhone 17 Pro - BilliardTrainer (18466)' (0.000 seconds)
Test case 'DiamondSystemTests.testDiamondPositionBottomEdge()' passed on 'Clone 1 of iPhone 17 Pro - BilliardTrainer (18466)' (0.000 seconds)
Test case 'DiamondSystemTests.testDiamondPositionLeftEdge()' passed on 'Clone 1 of iPhone 17 Pro - BilliardTrainer (18466)' (0.000 seconds)
Test case 'DiamondSystemTests.testDiamondPositionRightEdge()' passed on 'Clone 1 of iPhone 17 Pro - BilliardTrainer (18466)' (0.002 seconds)
Test case 'DiamondSystemTests.testDiamondPositionTopEdge()' passed on 'Clone 1 of iPhone 17 Pro - BilliardTrainer (18466)' (0.000 seconds)
Test case 'DiamondSystemTests.testEnglishCorrectionLargeAngle()' passed on 'Clone 1 of iPhone 17 Pro - BilliardTrainer (18466)' (0.000 seconds)
Test case 'DiamondSystemTests.testEnglishCorrectionSmallAngle()' passed on 'Clone 1 of iPhone 17 Pro - BilliardTrainer (18466)' (0.000 seconds)
Test case 'DiamondSystemTests.testOneRailBankReturnsResult()' passed on 'Clone 1 of iPhone 17 Pro - BilliardTrainer (18466)' (0.003 seconds)
Test case 'DiamondSystemTests.testSpeedCorrectionHighPower()' passed on 'Clone 1 of iPhone 17 Pro - BilliardTrainer (18466)' (0.000 seconds)
Test case 'DiamondSystemTests.testSpeedCorrectionLowPower()' passed on 'Clone 1 of iPhone 17 Pro - BilliardTrainer (18466)' (0.000 seconds)
Test case 'DiamondSystemTests.testSpeedCorrectionMediumPower()' passed on 'Clone 1 of iPhone 17 Pro - BilliardTrainer (18466)' (0.000 seconds)
Test case 'DiamondSystemTests.testThreeRailPathReturnsResult()' passed on 'Clone 1 of iPhone 17 Pro - BilliardTrainer (18466)' (0.000 seconds)
Test case 'DiamondSystemTests.testTwoRailKickReturnsResult()' passed on 'Clone 1 of iPhone 17 Pro - BilliardTrainer (18466)' (0.002 seconds)
Test suite 'GameRulesTests' started on 'Clone 1 of iPhone 17 Pro - BilliardTrainer (18466)'
Test case 'GameRulesTests.testBall8FirstHitSolids()' passed on 'Clone 1 of iPhone 17 Pro - BilliardTrainer (18466)' (0.000 seconds)
Test case 'GameRulesTests.testCueBallPocketedIsFoul()' passed on 'Clone 1 of iPhone 17 Pro - BilliardTrainer (18466)' (0.000 seconds)
Test case 'GameRulesTests.testLegalShotOpenGroup()' passed on 'Clone 1 of iPhone 17 Pro - BilliardTrainer (18466)' (0.000 seconds)
Test case 'GameRulesTests.testLegalShotSolidsHitSolid()' passed on 'Clone 1 of iPhone 17 Pro - BilliardTrainer (18466)' (0.000 seconds)
Test case 'GameRulesTests.testLegalShotStripesHitStripe()' passed on 'Clone 1 of iPhone 17 Pro - BilliardTrainer (18466)' (0.000 seconds)
Test case 'GameRulesTests.testMultipleFoulsAtOnce()' passed on 'Clone 1 of iPhone 17 Pro - BilliardTrainer (18466)' (0.000 seconds)
Test case 'GameRulesTests.testNoBallHitFoul()' passed on 'Clone 1 of iPhone 17 Pro - BilliardTrainer (18466)' (0.000 seconds)
Test case 'GameRulesTests.testNoBallHitOnlyCushionContact()' passed on 'Clone 1 of iPhone 17 Pro - BilliardTrainer (18466)' (0.000 seconds)
Test case 'GameRulesTests.testNoCushionAfterContactFoul()' passed on 'Clone 1 of iPhone 17 Pro - BilliardTrainer (18466)' (0.000 seconds)
Test case 'GameRulesTests.testNoCushionButBallPocketedIsLegal()' passed on 'Clone 1 of iPhone 17 Pro - BilliardTrainer (18466)' (0.000 seconds)
Test case 'GameRulesTests.testUSDZBallNameFormat()' passed on 'Clone 1 of iPhone 17 Pro - BilliardTrainer (18466)' (0.000 seconds)
Test case 'GameRulesTests.testWrongFirstHitSolidsHitStripe()' passed on 'Clone 1 of iPhone 17 Pro - BilliardTrainer (18466)' (0.003 seconds)
Test case 'GameRulesTests.testWrongFirstHitStripesHitSolid()' passed on 'Clone 1 of iPhone 17 Pro - BilliardTrainer (18466)' (0.000 seconds)
Test suite 'UserStatisticsTests' started on 'Clone 1 of iPhone 17 Pro - BilliardTrainer (18466)'
Test case 'UserStatisticsTests.testAddPracticeTime()' passed on 'Clone 1 of iPhone 17 Pro - BilliardTrainer (18466)' (0.002 seconds)
Test case 'UserStatisticsTests.testAngle30Accuracy()' passed on 'Clone 1 of iPhone 17 Pro - BilliardTrainer (18466)' (0.000 seconds)
Test case 'UserStatisticsTests.testAngle45Accuracy()' passed on 'Clone 1 of iPhone 17 Pro - BilliardTrainer (18466)' (0.000 seconds)
Test case 'UserStatisticsTests.testAngle60Accuracy()' passed on 'Clone 1 of iPhone 17 Pro - BilliardTrainer (18466)' (0.000 seconds)
Test case 'UserStatisticsTests.testFirstCheckIn()' passed on 'Clone 1 of iPhone 17 Pro - BilliardTrainer (18466)' (0.001 seconds)
Test case 'UserStatisticsTests.testFormattedPracticeTimeMinutesOnly()' passed on 'Clone 1 of iPhone 17 Pro - BilliardTrainer (18466)' (0.000 seconds)
Test case 'UserStatisticsTests.testFormattedPracticeTimeWithHours()' passed on 'Clone 1 of iPhone 17 Pro - BilliardTrainer (18466)' (0.000 seconds)
Test case 'UserStatisticsTests.testInitialValues()' passed on 'Clone 1 of iPhone 17 Pro - BilliardTrainer (18466)' (0.000 seconds)
Test case 'UserStatisticsTests.testOverallAccuracy()' passed on 'Clone 1 of iPhone 17 Pro - BilliardTrainer (18466)' (0.002 seconds)
Test case 'UserStatisticsTests.testOverallAccuracyZeroShots()' passed on 'Clone 1 of iPhone 17 Pro - BilliardTrainer (18466)' (0.000 seconds)
Test case 'UserStatisticsTests.testRecordSpin()' passed on 'Clone 1 of iPhone 17 Pro - BilliardTrainer (18466)' (0.000 seconds)
Test case 'UserStatisticsTests.testSameDayCheckInDoesNotIncrement()' passed on 'Clone 1 of iPhone 17 Pro - BilliardTrainer (18466)' (0.000 seconds)
Test case 'UserStatisticsTests.testStraightShotAccuracy()' passed on 'Clone 1 of iPhone 17 Pro - BilliardTrainer (18466)' (0.000 seconds)
Test suite 'AnalyticalMotionTests' started on 'Clone 1 of iPhone 17 Pro - BilliardTrainer (18466)'
Test case 'AnalyticalMotionTests.testDecaySpinPreservesXZ()' passed on 'Clone 1 of iPhone 17 Pro - BilliardTrainer (18466)' (0.000 seconds)
Test case 'AnalyticalMotionTests.testDecaySpinReducesY()' passed on 'Clone 1 of iPhone 17 Pro - BilliardTrainer (18466)' (0.000 seconds)
Test case 'AnalyticalMotionTests.testEvolveRollingDecelerates()' passed on 'Clone 1 of iPhone 17 Pro - BilliardTrainer (18466)' (0.000 seconds)
Test case 'AnalyticalMotionTests.testEvolveRollingZeroVelocityUnchanged()' passed on 'Clone 1 of iPhone 17 Pro - BilliardTrainer (18466)' (0.000 seconds)
Test case 'AnalyticalMotionTests.testEvolveSlidingDeceleratesVelocity()' passed on 'Clone 1 of iPhone 17 Pro - BilliardTrainer (18466)' (0.002 seconds)
Test case 'AnalyticalMotionTests.testEvolveSlidingProducesFiniteResults()' passed on 'Clone 1 of iPhone 17 Pro - BilliardTrainer (18466)' (0.000 seconds)
Test case 'AnalyticalMotionTests.testEvolveSlidingZeroVelocityUnchanged()' passed on 'Clone 1 of iPhone 17 Pro - BilliardTrainer (18466)' (0.000 seconds)
Test case 'AnalyticalMotionTests.testEvolveSpinningDecaysYComponent()' passed on 'Clone 1 of iPhone 17 Pro - BilliardTrainer (18466)' (0.000 seconds)
Test case 'AnalyticalMotionTests.testEvolveSpinningNearZeroStops()' passed on 'Clone 1 of iPhone 17 Pro - BilliardTrainer (18466)' (0.000 seconds)
Test case 'AnalyticalMotionTests.testRollToSpinTimePositive()' passed on 'Clone 1 of iPhone 17 Pro - BilliardTrainer (18466)' (0.000 seconds)
Test case 'AnalyticalMotionTests.testRollToSpinTimeZeroVelocity()' passed on 'Clone 1 of iPhone 17 Pro - BilliardTrainer (18466)' (0.000 seconds)
Test case 'AnalyticalMotionTests.testSlideToRollTimeAlreadyRolling()' passed on 'Clone 1 of iPhone 17 Pro - BilliardTrainer (18466)' (0.000 seconds)
Test case 'AnalyticalMotionTests.testSlideToRollTimePositive()' passed on 'Clone 1 of iPhone 17 Pro - BilliardTrainer (18466)' (0.004 seconds)
Test case 'AnalyticalMotionTests.testSpinToStationaryTimePositive()' passed on 'Clone 1 of iPhone 17 Pro - BilliardTrainer (18466)' (0.000 seconds)
Test case 'AnalyticalMotionTests.testSpinToStationaryTimeZeroSpin()' passed on 'Clone 1 of iPhone 17 Pro - BilliardTrainer (18466)' (0.000 seconds)
Test case 'AnalyticalMotionTests.testSurfaceVelocityPureRolling()' passed on 'Clone 1 of iPhone 17 Pro - BilliardTrainer (18466)' (0.000 seconds)
Test case 'AnalyticalMotionTests.testSurfaceVelocitySliding()' passed on 'Clone 1 of iPhone 17 Pro - BilliardTrainer (18466)' (0.000 seconds)
Test suite 'UserProfileTests' started on 'Clone 1 of iPhone 17 Pro - BilliardTrainer (18466)'
Test case 'UserProfileTests.testAddExperienceMultipleLevelUps()' passed on 'Clone 1 of iPhone 17 Pro - BilliardTrainer (18466)' (0.001 seconds)
Test case 'UserProfileTests.testAddExperienceTriggersLevelUp()' passed on 'Clone 1 of iPhone 17 Pro - BilliardTrainer (18466)' (0.000 seconds)
Test case 'UserProfileTests.testAddExperienceWithoutLevelUp()' passed on 'Clone 1 of iPhone 17 Pro - BilliardTrainer (18466)' (0.000 seconds)
Test case 'UserProfileTests.testAddPurchase()' passed on 'Clone 1 of iPhone 17 Pro - BilliardTrainer (18466)' (0.001 seconds)
Test case 'UserProfileTests.testCustomNickname()' passed on 'Clone 1 of iPhone 17 Pro - BilliardTrainer (18466)' (0.001 seconds)
Test case 'UserProfileTests.testDefaultValues()' passed on 'Clone 1 of iPhone 17 Pro - BilliardTrainer (18466)' (0.001 seconds)
Test case 'UserProfileTests.testDuplicatePurchaseNotAdded()' passed on 'Clone 1 of iPhone 17 Pro - BilliardTrainer (18466)' (0.000 seconds)
Test case 'UserProfileTests.testExperienceToNextLevel()' passed on 'Clone 1 of iPhone 17 Pro - BilliardTrainer (18466)' (0.000 seconds)
Test case 'UserProfileTests.testHasPurchasedInitiallyFalse()' passed on 'Clone 1 of iPhone 17 Pro - BilliardTrainer (18466)' (0.000 seconds)
Test case 'UserProfileTests.testLevelCapAtFive()' passed on 'Clone 1 of iPhone 17 Pro - BilliardTrainer (18466)' (0.000 seconds)
Test case 'UserProfileTests.testLevelNameMapping()' passed on 'Clone 1 of iPhone 17 Pro - BilliardTrainer (18466)' (0.000 seconds)
Test suite 'CueBallStrikeTests' started on 'Clone 1 of iPhone 17 Pro - BilliardTrainer (18466)'
Test case 'CueBallStrikeTests.testActualDirectionCenterHit()' passed on 'Clone 1 of iPhone 17 Pro - BilliardTrainer (18466)' (0.000 seconds)
Test case 'CueBallStrikeTests.testActualDirectionWithEnglish()' passed on 'Clone 1 of iPhone 17 Pro - BilliardTrainer (18466)' (0.000 seconds)
Test case 'CueBallStrikeTests.testBackSpinProducesReverseAngularVelocity()' passed on 'Clone 1 of iPhone 17 Pro - BilliardTrainer (18466)' (0.000 seconds)
Test case 'CueBallStrikeTests.testCenterStrikeDirectionMatchesPhi()' passed on 'Clone 1 of iPhone 17 Pro - BilliardTrainer (18466)' (0.000 seconds)
Test case 'CueBallStrikeTests.testCenterStrikeNoSpin()' passed on 'Clone 1 of iPhone 17 Pro - BilliardTrainer (18466)' (0.000 seconds)
Test case 'CueBallStrikeTests.testExecuteStrikeReturnsConsistentResults()' passed on 'Clone 1 of iPhone 17 Pro - BilliardTrainer (18466)' (0.000 seconds)
Test case 'CueBallStrikeTests.testExtremeSpinDoesNotCrash()' passed on 'Clone 1 of iPhone 17 Pro - BilliardTrainer (18466)' (0.000 seconds)
Test case 'CueBallStrikeTests.testLeftEnglishProducesYSpin()' passed on 'Clone 1 of iPhone 17 Pro - BilliardTrainer (18466)' (0.000 seconds)
Test case 'CueBallStrikeTests.testSquirtAngleIncreasesWithSpin()' passed on 'Clone 1 of iPhone 17 Pro - BilliardTrainer (18466)' (0.000 seconds)
Test case 'CueBallStrikeTests.testSquirtAngleNonZeroForSideSpin()' passed on 'Clone 1 of iPhone 17 Pro - BilliardTrainer (18466)' (0.000 seconds)
Test case 'CueBallStrikeTests.testSquirtAngleSymmetry()' passed on 'Clone 1 of iPhone 17 Pro - BilliardTrainer (18466)' (0.000 seconds)
Test case 'CueBallStrikeTests.testSquirtAngleZeroForCenterStrike()' passed on 'Clone 1 of iPhone 17 Pro - BilliardTrainer (18466)' (0.000 seconds)
Test case 'CueBallStrikeTests.testTopSpinProducesForwardAngularVelocity()' passed on 'Clone 1 of iPhone 17 Pro - BilliardTrainer (18466)' (0.000 seconds)
Test case 'CueBallStrikeTests.testZeroVelocityStrike()' passed on 'Clone 1 of iPhone 17 Pro - BilliardTrainer (18466)' (0.000 seconds)
Test suite 'QuarticSolverTests' started on 'Clone 1 of iPhone 17 Pro - BilliardTrainer (18466)'
Test case 'QuarticSolverTests.testAllZeroCoefficients()' passed on 'Clone 1 of iPhone 17 Pro - BilliardTrainer (18466)' (0.004 seconds)
Test case 'QuarticSolverTests.testDegenerateToCubic()' passed on 'Clone 1 of iPhone 17 Pro - BilliardTrainer (18466)' (0.000 seconds)
Test case 'QuarticSolverTests.testDegenerateToLinear()' passed on 'Clone 1 of iPhone 17 Pro - BilliardTrainer (18466)' (0.000 seconds)
Test case 'QuarticSolverTests.testDegenerateToQuadratic()' passed on 'Clone 1 of iPhone 17 Pro - BilliardTrainer (18466)' (0.000 seconds)
Test case 'QuarticSolverTests.testQuarticNoRealRoots()' passed on 'Clone 1 of iPhone 17 Pro - BilliardTrainer (18466)' (0.000 seconds)
Test case 'QuarticSolverTests.testQuarticTwoRealRoots()' passed on 'Clone 1 of iPhone 17 Pro - BilliardTrainer (18466)' (0.000 seconds)
Test case 'QuarticSolverTests.testQuarticWithKnownRoots()' passed on 'Clone 1 of iPhone 17 Pro - BilliardTrainer (18466)' (0.000 seconds)
Test case 'QuarticSolverTests.testQuarticWithRepeatedRoots()' passed on 'Clone 1 of iPhone 17 Pro - BilliardTrainer (18466)' (0.000 seconds)
Test case 'QuarticSolverTests.testRootsAreFinite()' passed on 'Clone 1 of iPhone 17 Pro - BilliardTrainer (18466)' (0.000 seconds)
Test case 'QuarticSolverTests.testRootsAreSorted()' passed on 'Clone 1 of iPhone 17 Pro - BilliardTrainer (18466)' (0.000 seconds)
Test case 'QuarticSolverTests.testVerySmallCoefficients()' passed on 'Clone 1 of iPhone 17 Pro - BilliardTrainer (18466)' (0.000 seconds)
Test suite 'CollisionDetectorTests' started on 'Clone 1 of iPhone 17 Pro - BilliardTrainer (18466)'
Test case 'CollisionDetectorTests.testBallApproachingCushionDetected()' passed on 'Clone 1 of iPhone 17 Pro - BilliardTrainer (18466)' (0.000 seconds)
Test case 'CollisionDetectorTests.testBallMovingAwayFromCushionNotDetected()' passed on 'Clone 1 of iPhone 17 Pro - BilliardTrainer (18466)' (0.000 seconds)
Test case 'CollisionDetectorTests.testBallParallelToCushionNoCollision()' passed on 'Clone 1 of iPhone 17 Pro - BilliardTrainer (18466)' (0.000 seconds)
Test case 'CollisionDetectorTests.testDeceleratingBallMayNotReachCushion()' passed on 'Clone 1 of iPhone 17 Pro - BilliardTrainer (18466)' (0.000 seconds)
Test case 'CollisionDetectorTests.testDivergingBallsNoCollision()' passed on 'Clone 1 of iPhone 17 Pro - BilliardTrainer (18466)' (0.000 seconds)
Test case 'CollisionDetectorTests.testHeadOnBothMoving()' passed on 'Clone 1 of iPhone 17 Pro - BilliardTrainer (18466)' (0.000 seconds)
Test case 'CollisionDetectorTests.testHeadOnCollisionDetected()' passed on 'Clone 1 of iPhone 17 Pro - BilliardTrainer (18466)' (0.000 seconds)
Test case 'CollisionDetectorTests.testMovingBallHitsStationary()' passed on 'Clone 1 of iPhone 17 Pro - BilliardTrainer (18466)' (0.000 seconds)
Test case 'CollisionDetectorTests.testParallelMotionNoCollision()' passed on 'Clone 1 of iPhone 17 Pro - BilliardTrainer (18466)' (0.000 seconds)
Test suite 'TrainingSessionTests' started on 'Clone 1 of iPhone 17 Pro - BilliardTrainer (182026-02-21 03:08:32.609 xcodebuild[18093:300964] [MT] IDETestOperationsObserverDebug: 51.654 elapsed -- Testing started completed.
2026-02-21 03:08:32.609 xcodebuild[18093:300964] [MT] IDETestOperationsObserverDebug: 0.000 sec, +0.000 sec -- start
2026-02-21 03:08:32.609 xcodebuild[18093:300964] [MT] IDETestOperationsObserverDebug: 51.654 sec, +51.654 sec -- end

Test session results, code coverage, and logs:
	/Users/song/Library/Developer/Xcode/DerivedData/BilliardTrainer-brmlbuxbuspafrbvgpyhdesthqlv/Logs/Test/Test-BilliardTrainer-2026.02.21_03-07-38-+0800.xcresult

** TEST FAILED **

466)'
Test case 'TrainingSessionTests.testAccuracy()' passed on 'Clone 1 of iPhone 17 Pro - BilliardTrainer (18466)' (0.001 seconds)
Test case 'TrainingSessionTests.testAccuracyZeroShots()' passed on 'Clone 1 of iPhone 17 Pro - BilliardTrainer (18466)' (0.000 seconds)
Test case 'TrainingSessionTests.testDuration()' passed on 'Clone 1 of iPhone 17 Pro - BilliardTrainer (18466)' (0.000 seconds)
Test case 'TrainingSessionTests.testEndSession()' passed on 'Clone 1 of iPhone 17 Pro - BilliardTrainer (18466)' (0.000 seconds)
Test case 'TrainingSessionTests.testInitialState()' passed on 'Clone 1 of iPhone 17 Pro - BilliardTrainer (18466)' (0.000 seconds)
Test suite 'CourseProgressTests' started on 'Clone 1 of iPhone 17 Pro - BilliardTrainer (18466)'
Test case 'CourseProgressTests.testBestScoreOnlyIncreases()' passed on 'Clone 1 of iPhone 17 Pro - BilliardTrainer (18466)' (0.001 seconds)
Test case 'CourseProgressTests.testInitialState()' passed on 'Clone 1 of iPhone 17 Pro - BilliardTrainer (18466)' (0.000 seconds)
Test case 'CourseProgressTests.testMarkCompleted()' passed on 'Clone 1 of iPhone 17 Pro - BilliardTrainer (18466)' (0.000 seconds)
Test case 'CourseProgressTests.testPracticeCountIncrements()' passed on 'Clone 1 of iPhone 17 Pro - BilliardTrainer (18466)' (0.000 seconds)
